Microchip MPLAB XC8 Compiler V2.32

Linker command line:

-W-3 --edf=D:\Microchip\xc8\v2.32\pic\dat\en_msgs.txt -cn \
  -h+dist/default/production\PIC12F629_-_Encoder_Debouncer.X.production.sym \
  --cmf=dist/default/production\PIC12F629_-_Encoder_Debouncer.X.production.cmf \
  -z -Q12F629 -oC:\Temp\xcAsk18.4 --defsym=__MPLAB_BUILD=1 \
  -Mdist/default/production/PIC12F629_-_Encoder_Debouncer.X.production.map \
  -E1 -ver=XC8 Compiler --acfsm=1493 -ASTACK=027h-05Dh -pstack=STACK \
  -ACODE=00h-03FEh -ASTRCODE=00h-03FEh -ASTRING=00h-0FFhx3,0300h-03FEh \
  -ACONST=00h-0FFhx3,0300h-03FEh -AENTRY=00h-0FFhx3,0300h-03FEh \
  -ABANK0=020h-05Dh -ARAM=020h-05Dh -AABS1=020h-05Fh -ACOMMON=05Eh-05Fh \
  -ASFR0=00h-01Fh -ASFR1=080h-0DDh -ACONFIG=02007h-02007h -DCONFIG=2 \
  -AIDLOC=02000h-02003h -DIDLOC=2 -AEEDATA=00h-07Fh/02100h \
  -peeprom_data=EEDATA -DEEDATA=2 -DCODE=2 -DSTRCODE=2 -DSTRING=2 -DCONST=2 \
  -DENTRY=2 -preset_vec=00h,intentry,init,end_init -ppowerup=CODE \
  -pcinit=CODE -pfunctab=ENTRY -posccal=03FFh -k C:\Temp\xcAsk18.o \
  dist/default/production\PIC12F629_-_Encoder_Debouncer.X.production.o 

Object code version is 3.11

Machine type is 12F629



                Name                               Link     Load   Length Selector   Space Scale
C:\Temp\xcAsk18.o
                end_init                              0        0        1        0       0
                config                             2007     2007        1        0       4
dist/default/production\PIC12F629_-_Encoder_Debouncer.X.production.o
                cinit                               3FB      3FB        4      7F6       0
                config                             2007     2007        1        0       4
                text1                               3A2      3A2       18      744       0
                maintext                            3BA      3BA       41      774       0
                cstackBANK0                          20       20        6       20       1
                bssBANK0                             26       26        1       20       1
                strings                               1        1       16        2       0

TOTAL           Name                               Link     Load   Length     Space
        CLASS   STACK          

        CLASS   CODE           
                end_init                              0        0        1         0
                cinit                               3FB      3FB        4         0
                text1                               3A2      3A2       18         0
                maintext                            3BA      3BA       41         0

        CLASS   STRCODE        

        CLASS   STRING         
                strings                               1        1       16         0

        CLASS   CONST          

        CLASS   ENTRY          

        CLASS   BANK0          
                cstackBANK0                          20       20        6         1
                bssBANK0                             26       26        1         1

        CLASS   RAM            

        CLASS   ABS1           
                abs_s1                               5E       5E        2         1

        CLASS   COMMON         

        CLASS   SFR0           

        CLASS   SFR1           

        CLASS   CONFIG         
                config                             2007     2007        1         4

        CLASS   IDLOC          

        CLASS   EEDATA         

        CLASS   BANK1          



SEGMENTS        Name                           Load    Length   Top    Selector   Space  Class     Delta

                reset_vec                      000000  000001  000001         0       0  CODE        2
                strings                        000001  000016  000017         2       0  STRING      2
                cstackBANK0                    000020  000007  000027        20       1  BANK0       1
                text1                          0003A2  000018  0003BA       744       0  CODE        2
                maintext                       0003BA  000041  0003FB       774       0  CODE        2
                cinit                          0003FB  000004  0003FF       7F6       0  CODE        2


UNUSED ADDRESS RANGES

        Name                Unused          Largest block    Delta
        BANK0            0027-005D             37           1
        CODE             0017-03A1            38B           2
        CONST            0017-03A1            100           2
        EEDATA           2100-217F             80           2
        ENTRY            0017-03A1            100           2
        IDLOC            2000-2003              4           2
        RAM              0027-005D             37           1
        SFR0             0000-001F             20           1
        SFR1             0080-00DD             5E           1
        STACK            0027-005D             37           1
        STRCODE          0017-03A1            38B           2
        STRING           0017-03A1            100           2

                                  Symbol Table

_CMCON                   (abs)       0019
_GP0                     (abs)       0028
_GP1                     (abs)       0029
_GP4                     (abs)       002C
_GP5                     (abs)       002D
_INTCON                  (abs)       000B
_TRISIO0                 (abs)       0428
_TRISIO1                 (abs)       0429
_TRISIO4                 (abs)       042C
_TRISIO5                 (abs)       042D
_WPU4                    (abs)       04AC
_WPU5                    (abs)       04AD
__Habs1                  abs1        07FE
__Hbank0                 bank0       07FE
__Hbank1                 bank1       07FE
__HbssBANK0              bssBANK0    07FE
__Hcinit                 cinit       03FF
__Hclrtext               clrtext     07FE
__Hcode                  code        07FE
__Hcommon                common      07FE
__Hconfig                config      2008
__HcstackBANK0           cstackBANK0 07FE
__Heeprom_data           eeprom_data 0000
__Hend_init              end_init    0001
__Hfunctab               functab     0000
__Hinit                  init        0000
__Hintentry              intentry    0000
__Hmaintext              maintext    07FE
__Hosccal                osccal      03FF
__Hpowerup               powerup     0000
__Hram                   ram         07FE
__Hreset_vec             reset_vec   0000
__Hsfr0                  sfr0        07FE
__Hsfr1                  sfr1        07FE
__Hspace_0               (abs)       07FE
__Hspace_1               (abs)       07FE
__Hspace_2               (abs)       0000
__Hspace_3               (abs)       0000
__Hspace_4               (abs)       400F
__Hstack                 stack       0000
__Hstrings               strings     07FE
__Htext                  text        07FE
__Labs1                  abs1        07FE
__Lbank0                 bank0       07FE
__Lbank1                 bank1       07FE
__LbssBANK0              bssBANK0    07FE
__Lcinit                 cinit       03FB
__Lclrtext               clrtext     07FE
__Lcode                  code        07FE
__Lcommon                common      07FE
__Lconfig                config      0000
__LcstackBANK0           cstackBANK0 07FE
__Leeprom_data           eeprom_data 0000
__Lend_init              end_init    0000
__Lfunctab               functab     0000
__Linit                  init        0000
__Lintentry              intentry    0000
__Lmaintext              maintext    07FE
__Losccal                osccal      03FF
__Lpowerup               powerup     0000
__Lram                   ram         07FE
__Lreset_vec             reset_vec   0000
__Lsfr0                  sfr0        07FE
__Lsfr1                  sfr1        07FE
__Lspace_0               (abs)       0000
__Lspace_1               (abs)       0000
__Lspace_2               (abs)       0000
__Lspace_3               (abs)       0000
__Lspace_4               (abs)       0000
__Lstack                 stack       0000
__Lstrings               strings     07FE
__Ltext                  text        07FE
__S0                     (abs)       03FF
__S1                     (abs)       0027
__S2                     (abs)       0000
__S3                     (abs)       0000
___int_sp                stack       0000
___latbits               (abs)       0000
___osccal_val            osccal      03FF
___sp                    stack       0000
___stackhi               (abs)       0000
___stacklo               (abs)       0000
__end_of__initialization cinit       03FD
__end_of__stringtab      strings     0007
__end_of_enc_states      strings     0017
__end_of_main            maintext    03FB
__end_of_read_encoder    text1       03BA
__initialization         cinit       03FB
__pbssBANK0              bssBANK0    0026
__pcstackBANK0           cstackBANK0 0020
__pmaintext              maintext    03BA
__pstrings               strings     0001
__ptext1                 text1       03A2
__size_of_main           (abs)       0000
__size_of_read_encoder   (abs)       0000
__stringbase             strings     0006
__stringtab              strings     0001
_enc_states              strings     0007
_main                    maintext    03BA
_old_AB                  bssBANK0    0026
_read_encoder            text1       03A2
btemp                    (abs)       005E
end_of_initialization    cinit       03FD
intlevel0                functab     0000
intlevel1                functab     0000
intlevel2                functab     0000
intlevel3                functab     0000
intlevel4                functab     0000
intlevel5                functab     0000
main@counter             cstackBANK0 0025
main@tmpEncValue         cstackBANK0 0024
read_encoder@tmpValue    cstackBANK0 0021
reset_vec                reset_vec   0000
start                    init        0000
start_initialization     cinit       03FB
wtemp0                   (abs)       005E


MODULE INFORMATION

Module		Function		Class		Link	Load	Size
src/encoder.c
		_read_encoder  		CODE           	03A2	0000	24

src/encoder.c estimated size: 24

src/main.c
		_main          		CODE           	03BA	0000	65

src/main.c estimated size: 65

shared
		__stringtab    		STRING         	0001	0000	6
		_enc_states    		STRING         	0007	0000	16
		__initialization		CODE           	03FB	0000	2

shared estimated size: 24

